edu\epam\fop\controller\CartController.class
edu\epam\fop\service\ProductService.class
edu\epam\fop\service\UserService.class
edu\epam\fop\config\WebAppDBConfig.class
edu\epam\fop\controller\TestController.class
edu\epam\fop\controller\UserController.class
edu\epam\fop\service\OrderService.class
edu\epam\fop\controller\OrderController.class
edu\epam\fop\dao\orderItem\OrderItemDAO.class
edu\epam\fop\service\UserServiceImpl.class
edu\epam\fop\controller\AuthController.class
edu\epam\fop\dao\product\ProductDAO.class
edu\epam\fop\dao\order\OrderDAO.class
edu\epam\fop\dao\orderItem\OrderItemDAOImpl.class
edu\epam\fop\dao\GenericDao.class
edu\epam\fop\config\WebAppInitializer.class
edu\epam\fop\entity\OrderItem.class
edu\epam\fop\service\UserDetailsServiceImpl.class
edu\epam\fop\dao\user\UserDAO.class
edu\epam\fop\config\WebSecurityConfig.class
edu\epam\fop\controller\ProductController.class
edu\epam\fop\config\WebAppConfig.class
edu\epam\fop\dao\user\UserDAOImpl.class
edu\epam\fop\entity\Order.class
edu\epam\fop\config\SecurityWebApplicationInitializer.class
edu\epam\fop\dao\product\ProductDAOImpl.class
edu\epam\fop\entity\User.class
edu\epam\fop\dao\order\OrderDAOImpl.class
edu\epam\fop\entity\Product.class
edu\epam\fop\service\OrderServiceImpl.class
edu\epam\fop\CartItem.class
edu\epam\fop\service\ProductServiceImpl.class
