C:\Users\Roman\IdeaProjects\online-store-spring-mvc-hibernate-app\src\main\java\edu\epam\fop\CartItem.java
C:\Users\Roman\IdeaProjects\online-store-spring-mvc-hibernate-app\src\main\java\edu\epam\fop\config\SecurityWebApplicationInitializer.java
C:\Users\Roman\IdeaProjects\online-store-spring-mvc-hibernate-app\src\main\java\edu\epam\fop\config\WebAppConfig.java
C:\Users\Roman\IdeaProjects\online-store-spring-mvc-hibernate-app\src\main\java\edu\epam\fop\config\WebAppDBConfig.java
C:\Users\Roman\IdeaProjects\online-store-spring-mvc-hibernate-app\src\main\java\edu\epam\fop\config\WebAppInitializer.java
C:\Users\Roman\IdeaProjects\online-store-spring-mvc-hibernate-app\src\main\java\edu\epam\fop\config\WebSecurityConfig.java
C:\Users\Roman\IdeaProjects\online-store-spring-mvc-hibernate-app\src\main\java\edu\epam\fop\controller\AuthController.java
C:\Users\Roman\IdeaProjects\online-store-spring-mvc-hibernate-app\src\main\java\edu\epam\fop\controller\CartController.java
C:\Users\Roman\IdeaProjects\online-store-spring-mvc-hibernate-app\src\main\java\edu\epam\fop\controller\OrderController.java
C:\Users\Roman\IdeaProjects\online-store-spring-mvc-hibernate-app\src\main\java\edu\epam\fop\controller\ProductController.java
C:\Users\Roman\IdeaProjects\online-store-spring-mvc-hibernate-app\src\main\java\edu\epam\fop\controller\TestController.java
C:\Users\Roman\IdeaProjects\online-store-spring-mvc-hibernate-app\src\main\java\edu\epam\fop\controller\UserController.java
C:\Users\Roman\IdeaProjects\online-store-spring-mvc-hibernate-app\src\main\java\edu\epam\fop\dao\GenericDao.java
C:\Users\Roman\IdeaProjects\online-store-spring-mvc-hibernate-app\src\main\java\edu\epam\fop\dao\order\OrderDAO.java
C:\Users\Roman\IdeaProjects\online-store-spring-mvc-hibernate-app\src\main\java\edu\epam\fop\dao\order\OrderDAOImpl.java
C:\Users\Roman\IdeaProjects\online-store-spring-mvc-hibernate-app\src\main\java\edu\epam\fop\dao\orderItem\OrderItemDAO.java
C:\Users\Roman\IdeaProjects\online-store-spring-mvc-hibernate-app\src\main\java\edu\epam\fop\dao\orderItem\OrderItemDAOImpl.java
C:\Users\Roman\IdeaProjects\online-store-spring-mvc-hibernate-app\src\main\java\edu\epam\fop\dao\product\ProductDAO.java
C:\Users\Roman\IdeaProjects\online-store-spring-mvc-hibernate-app\src\main\java\edu\epam\fop\dao\product\ProductDAOImpl.java
C:\Users\Roman\IdeaProjects\online-store-spring-mvc-hibernate-app\src\main\java\edu\epam\fop\dao\user\UserDAO.java
C:\Users\Roman\IdeaProjects\online-store-spring-mvc-hibernate-app\src\main\java\edu\epam\fop\dao\user\UserDAOImpl.java
C:\Users\Roman\IdeaProjects\online-store-spring-mvc-hibernate-app\src\main\java\edu\epam\fop\entity\Order.java
C:\Users\Roman\IdeaProjects\online-store-spring-mvc-hibernate-app\src\main\java\edu\epam\fop\entity\OrderItem.java
C:\Users\Roman\IdeaProjects\online-store-spring-mvc-hibernate-app\src\main\java\edu\epam\fop\entity\Product.java
C:\Users\Roman\IdeaProjects\online-store-spring-mvc-hibernate-app\src\main\java\edu\epam\fop\entity\User.java
C:\Users\Roman\IdeaProjects\online-store-spring-mvc-hibernate-app\src\main\java\edu\epam\fop\service\OrderService.java
C:\Users\Roman\IdeaProjects\online-store-spring-mvc-hibernate-app\src\main\java\edu\epam\fop\service\OrderServiceImpl.java
C:\Users\Roman\IdeaProjects\online-store-spring-mvc-hibernate-app\src\main\java\edu\epam\fop\service\ProductService.java
C:\Users\Roman\IdeaProjects\online-store-spring-mvc-hibernate-app\src\main\java\edu\epam\fop\service\ProductServiceImpl.java
C:\Users\Roman\IdeaProjects\online-store-spring-mvc-hibernate-app\src\main\java\edu\epam\fop\service\UserDetailsServiceImpl.java
C:\Users\Roman\IdeaProjects\online-store-spring-mvc-hibernate-app\src\main\java\edu\epam\fop\service\UserService.java
C:\Users\Roman\IdeaProjects\online-store-spring-mvc-hibernate-app\src\main\java\edu\epam\fop\service\UserServiceImpl.java
